# -*-compilation-*-
Processing `C:/Users/celenp/Documents/GitHub/MxM/test.ly'
Parsing...
Interpreting music...
Interpreting music...
Preprocessing graphical objects...
MIDI output to `/Users/celenp/Documents/GitHub/MxM/test.mid'...
Finding the ideal number of pages...
Fitting music on 1 page...
Drawing systems...
Layout output to `/Users/celenp/Documents/GitHub/MxM/test.ps'...
Converting to `/Users/celenp/Documents/GitHub/MxM/test.pdf'...
Success: compilation successfully completed
